// Jest Snapshot v1, https://goo.gl/fbAQLP

exports[`Title default props should match the snapshot 1`] = `
.c0 {
  font-size: 1.333em;
  line-height: 1.333em;
  font-weight: 200;
  color: #262830;
  margin: 0;
  margin-bottom: 0.4221915645190677em;
}

<div>
  <h1
    class="c0"
    size="1"
  >
    Lorem Ipsum
  </h1>
</div>
`;
