// Jest Snapshot v1, https://goo.gl/fbAQLP

exports[`Button default props should match the snapshot 1`] = `
.c0 {
  -webkit-text-decoration: none;
  text-decoration: none;
  font-size: 1em;
  font-weight: 400;
  padding: 0.5627813555039173em 0.7501875468867217em;
  color: #F6F7F9;
  background: #0d5189;
  cursor: pointer;
  border: none;
  border-radius: 6px;
  box-shadow: 0 1px 18px rgba(30,32,37,0.08);
  opacity: 0.8;
  -webkit-transition: all 200ms;
  transition: all 200ms;
  -webkit-appearance: initial;
}

.c0:hover:enabled {
  opacity: 1;
  cursor: pointer;
  box-shadow: 0 1px 18px rgba(30,32,37,0.25);
}

.c0:active {
  color: #0d5189;
  background: #F6F7F9;
}

.c0:disabled {
  opacity: 0.75;
  cursor: default;
  color: #F6F7F9;
  background: #0d5189;
}

<div>
  <button
    class="c0"
    type="button"
  />
</div>
`;
