// Jest Snapshot v1, https://goo.gl/fbAQLP

exports[`Project default props should match the snapshot 1`] = `
.c1 {
  font-size: 1.333em;
  line-height: 1em;
  font-weight: 200;
  color: #262830;
  margin: 0;
  margin-bottom: 0.4221915645190677em;
}

.c0 {
  border-top: 1px solid rgba(38,40,48,0.08);
  margin-top: 1em;
  padding-top: 1em;
  margin-bottom: 1em;
}

.c2 {
  color: #0d5189;
}

<div>
  <div
    class="c0"
  >
    <h2
      class="c1 c2"
      size="1"
    >
      Lorem ipsum
    </h2>
  </div>
</div>
`;
